
Discarded input sections

 .note.GNU-stack
                0x0000000000000000        0x0 /home/pratik/My_Files/Projects/OS_dev/BITS_OS/lib/proc_c.o
 .note.GNU-stack
                0x0000000000000000        0x0 kernel.o
 .note.GNU-stack
                0x0000000000000000        0x0 /home/pratik/My_Files/Projects/OS_dev/BITS_OS/lib/io.o
 .note.GNU-stack
                0x0000000000000000        0x0 /home/pratik/My_Files/Projects/OS_dev/BITS_OS/lib/string.o
 .note.GNU-stack
                0x0000000000000000        0x0 /home/pratik/My_Files/Projects/OS_dev/BITS_OS/lib/idt.o
 .note.GNU-stack
                0x0000000000000000        0x0 /home/pratik/My_Files/Projects/OS_dev/BITS_OS/lib/exception.o

Memory Configuration

Name             Origin             Length             Attributes
*default*        0x0000000000000000 0xffffffffffffffff

Linker script and memory map

LOAD linker_script.ld
                0x0000000000100000                . = 0x100000
LOAD proc_asm.o
LOAD /home/pratik/My_Files/Projects/OS_dev/BITS_OS/lib/proc_c.o
LOAD kernel_asm.o
LOAD kernel.o
LOAD /home/pratik/My_Files/Projects/OS_dev/BITS_OS/lib/io.o
LOAD /home/pratik/My_Files/Projects/OS_dev/BITS_OS/lib/string.o
LOAD /home/pratik/My_Files/Projects/OS_dev/BITS_OS/lib/idt.o
LOAD /home/pratik/My_Files/Projects/OS_dev/BITS_OS/lib/exception.o
                0x0000000008048000                PROVIDE (__executable_start, 0x8048000)
                0x0000000008048094                . = (0x8048000 + SIZEOF_HEADERS)

.interp
 *(.interp)

.note.gnu.build-id
 *(.note.gnu.build-id)

.hash
 *(.hash)

.gnu.hash
 *(.gnu.hash)

.dynsym
 *(.dynsym)

.dynstr
 *(.dynstr)

.gnu.version
 *(.gnu.version)

.gnu.version_d
 *(.gnu.version_d)

.gnu.version_r
 *(.gnu.version_r)

.rel.dyn        0x0000000008048094        0x0
 *(.rel.init)
 *(.rel.text .rel.text.* .rel.gnu.linkonce.t.*)
 .rel.text      0x0000000000000000        0x0 proc_asm.o
 *(.rel.fini)
 *(.rel.rodata .rel.rodata.* .rel.gnu.linkonce.r.*)
 *(.rel.data.rel.ro .rel.data.rel.ro.* .rel.gnu.linkonce.d.rel.ro.*)
 *(.rel.data .rel.data.* .rel.gnu.linkonce.d.*)
 *(.rel.tdata .rel.tdata.* .rel.gnu.linkonce.td.*)
 *(.rel.tbss .rel.tbss.* .rel.gnu.linkonce.tb.*)
 *(.rel.ctors)
 *(.rel.dtors)
 *(.rel.got)
 *(.rel.bss .rel.bss.* .rel.gnu.linkonce.b.*)
 *(.rel.ifunc)

.rel.plt        0x0000000008048094        0x0
 *(.rel.plt)
                0x0000000008048094                PROVIDE (__rel_iplt_start, .)
 *(.rel.iplt)
 .rel.iplt      0x0000000000000000        0x0 proc_asm.o
                0x0000000008048094                PROVIDE (__rel_iplt_end, .)

.init
 *(SORT(.init))

.plt            0x00000000080480a0        0x0
 *(.plt)
 *(.iplt)
 .iplt          0x0000000000000000        0x0 proc_asm.o

.text           0x0000000008049000      0x9b4
 *(.text.unlikely .text.*_unlikely .text.unlikely.*)
 *(.text.exit .text.exit.*)
 *(.text.startup .text.startup.*)
 *(.text.hot .text.hot.*)
 *(.text .stub .text.* .gnu.linkonce.t.*)
 .text          0x0000000008049000       0x5a proc_asm.o
                0x0000000008049000                enable_protected_mode
                0x0000000008049009                get_breg
                0x0000000008049010                get_ax
                0x0000000008049019                get_eax
                0x0000000008049020                idt_load
                0x0000000008049028                enable_interrupts
                0x000000000804902a                disable_interrupts
                0x000000000804902c                isr0
                0x0000000008049036                isr8
                0x0000000008049040                get_ip
                0x000000000804904a                get_cs
 .text          0x000000000804905a       0xb8 /home/pratik/My_Files/Projects/OS_dev/BITS_OS/lib/proc_c.o
                0x000000000804905a                get_breg_a
                0x000000000804909f                get_ax_a
                0x00000000080490ba                get_eax_a
                0x00000000080490cd                get_cs_a
                0x00000000080490ff                get_ip_a
 *fill*         0x0000000008049112        0xe 
 .text          0x0000000008049120        0x9 kernel_asm.o
                0x0000000008049120                _start
 .text          0x0000000008049129       0x53 kernel.o
                0x0000000008049129                kernel_main
 .text          0x000000000804917c      0x5ec /home/pratik/My_Files/Projects/OS_dev/BITS_OS/lib/io.o
                0x000000000804917c                move_csr()
                0x00000000080491f7                cls()
                0x000000000804926d                scroll()
                0x0000000008049316                inportb(unsigned short)
                0x0000000008049333                outportb(unsigned short, unsigned char)
                0x0000000008049351                putch(unsigned char)
                0x00000000080494b0                init_video()
                0x00000000080494c7                print(int)
                0x0000000008049542                print(unsigned int)
                0x0000000008049593                print(long)
                0x000000000804960e                print(float)
                0x0000000008049683                print(double)
                0x0000000008049728                print(char const*)
 .text          0x0000000008049768       0xc6 /home/pratik/My_Files/Projects/OS_dev/BITS_OS/lib/string.o
                0x0000000008049768                memcpy(void*, void const*, unsigned int)
                0x00000000080497a2                memset(void*, char, unsigned int)
                0x00000000080497d4                memsetw(unsigned short*, unsigned short, unsigned int)
                0x0000000008049808                strlen(char const*)
 .text          0x000000000804982e       0xf6 /home/pratik/My_Files/Projects/OS_dev/BITS_OS/lib/idt.o
                0x000000000804982e                idt_set_gate(unsigned char, unsigned long, unsigned short, unsigned char)
                0x0000000008049895                idt_install()
 .text          0x0000000008049924       0x82 /home/pratik/My_Files/Projects/OS_dev/BITS_OS/lib/exception.o
                0x0000000008049924                divide_by_zero
                0x000000000804995c                double_fault
 *(.gnu.warning)
 *(.multiboot)
 *fill*         0x00000000080499a6        0x2 
 .multiboot     0x00000000080499a8        0xc kernel_asm.o
 *(.text)

.fini
 *(SORT(.fini))
                0x00000000080499b4                PROVIDE (__etext, .)
                0x00000000080499b4                PROVIDE (_etext, .)
                0x00000000080499b4                PROVIDE (etext, .)

.rodata         0x000000000804a000       0xb3
 *(.rodata .rodata.* .gnu.linkonce.r.*)
 .rodata        0x000000000804a000        0x2 /home/pratik/My_Files/Projects/OS_dev/BITS_OS/lib/proc_c.o
 .rodata        0x000000000804a002       0x57 kernel.o
 *fill*         0x000000000804a059        0x7 
 .rodata        0x000000000804a060       0x10 /home/pratik/My_Files/Projects/OS_dev/BITS_OS/lib/io.o
 .rodata        0x000000000804a070       0x43 /home/pratik/My_Files/Projects/OS_dev/BITS_OS/lib/exception.o
 *(.rodata)

.rodata1
 *(.rodata1)

.eh_frame_hdr
 *(.eh_frame_hdr)

.eh_frame       0x000000000804a0b4      0x37c
 *(.eh_frame)
 .eh_frame      0x000000000804a0b4       0xb8 /home/pratik/My_Files/Projects/OS_dev/BITS_OS/lib/proc_c.o
 .eh_frame      0x000000000804a16c       0x1c kernel.o
                                         0x34 (size before relaxing)
 .eh_frame      0x000000000804a188      0x1a8 /home/pratik/My_Files/Projects/OS_dev/BITS_OS/lib/io.o
                                        0x1c0 (size before relaxing)
 .eh_frame      0x000000000804a330       0x80 /home/pratik/My_Files/Projects/OS_dev/BITS_OS/lib/string.o
                                         0x98 (size before relaxing)
 .eh_frame      0x000000000804a3b0       0x40 /home/pratik/My_Files/Projects/OS_dev/BITS_OS/lib/idt.o
                                         0x58 (size before relaxing)
 .eh_frame      0x000000000804a3f0       0x40 /home/pratik/My_Files/Projects/OS_dev/BITS_OS/lib/exception.o
                                         0x58 (size before relaxing)

.gcc_except_table
 *(.gcc_except_table .gcc_except_table.*)

.exception_ranges
 *(.exception_ranges .exception_ranges*)
                0x000000000804a430                . = (ALIGN (0x1000) - ((0x1000 - .) & 0xfff))
                0x000000000804b430                . = DATA_SEGMENT_ALIGN (0x1000, 0x1000)

.eh_frame
 *(.eh_frame)

.gcc_except_table
 *(.gcc_except_table .gcc_except_table.*)

.exception_ranges
 *(.exception_ranges .exception_ranges*)

.tdata
 *(.tdata .tdata.* .gnu.linkonce.td.*)

.tbss
 *(.tbss .tbss.* .gnu.linkonce.tb.*)
 *(.tcommon)

.preinit_array  0x000000000804b430        0x0
                0x000000000804b430                PROVIDE (__preinit_array_start, .)
 *(.preinit_array)
                0x000000000804b430                PROVIDE (__preinit_array_end, .)

.init_array     0x000000000804b430        0x0
                0x000000000804b430                PROVIDE (__init_array_start, .)
 *(SORT(.init_array.*) SORT(.ctors.*))
 *(.init_array EXCLUDE_FILE(*crtend?.o *crtend.o *crtbegin?.o *crtbegin.o) .ctors)
                0x000000000804b430                PROVIDE (__init_array_end, .)

.fini_array     0x000000000804b430        0x0
                0x000000000804b430                PROVIDE (__fini_array_start, .)
 *(SORT(.fini_array.*) SORT(.dtors.*))
 *(.fini_array EXCLUDE_FILE(*crtend?.o *crtend.o *crtbegin?.o *crtbegin.o) .dtors)
                0x000000000804b430                PROVIDE (__fini_array_end, .)

.ctors
 *crtbegin.o(.ctors)
 *crtbegin?.o(.ctors)
 *(EXCLUDE_FILE(*crtend?.o *crtend.o) .ctors)
 *(SORT(.ctors.*))
 *(.ctors)

.dtors
 *crtbegin.o(.dtors)
 *crtbegin?.o(.dtors)
 *(EXCLUDE_FILE(*crtend?.o *crtend.o) .dtors)
 *(SORT(.dtors.*))
 *(.dtors)

.jcr
 *(.jcr)

.data.rel.ro
 *(.data.rel.ro.local* .gnu.linkonce.d.rel.ro.local.*)
 *(.data.rel.ro .data.rel.ro.* .gnu.linkonce.d.rel.ro.*)

.dynamic
 *(.dynamic)

.got
 *(.got)
 *(.igot)
                0x000000000804b430                . = DATA_SEGMENT_RELRO_END (., (SIZEOF (.got.plt) >= 0xc)?0xc:0x0)

.got.plt        0x000000000804b430        0x0
 *(.got.plt)
 *(.igot.plt)
 .igot.plt      0x0000000000000000        0x0 proc_asm.o

.data           0x000000000804c000        0x4
 *(.data .data.* .gnu.linkonce.d.*)
 .data          0x000000000804c000        0x0 /home/pratik/My_Files/Projects/OS_dev/BITS_OS/lib/proc_c.o
 .data          0x000000000804c000        0x0 kernel.o
 .data          0x000000000804c000        0x4 /home/pratik/My_Files/Projects/OS_dev/BITS_OS/lib/io.o
                0x000000000804c000                attrib
 .data          0x000000000804c004        0x0 /home/pratik/My_Files/Projects/OS_dev/BITS_OS/lib/string.o
 .data          0x000000000804c004        0x0 /home/pratik/My_Files/Projects/OS_dev/BITS_OS/lib/idt.o
 .data          0x000000000804c004        0x0 /home/pratik/My_Files/Projects/OS_dev/BITS_OS/lib/exception.o
 *(.data)

.data1
 *(.data1)
                0x000000000804c004                _edata = .
                0x000000000804c004                PROVIDE (edata, .)
                0x000000000804c004                . = .
                0x000000000804c004                __bss_start = .

.bss            0x000000000804d000      0x852
 *(.dynbss)
 *(.bss .bss.* .gnu.linkonce.b.*)
 .bss           0x000000000804d000       0x20 /home/pratik/My_Files/Projects/OS_dev/BITS_OS/lib/proc_c.o
                0x000000000804d000                reg_val
 .bss           0x000000000804d020        0x0 kernel.o
 .bss           0x000000000804d020        0xc /home/pratik/My_Files/Projects/OS_dev/BITS_OS/lib/io.o
                0x000000000804d020                textmemptr
                0x000000000804d024                csr_x
                0x000000000804d028                csr_y
 .bss           0x000000000804d02c        0x0 /home/pratik/My_Files/Projects/OS_dev/BITS_OS/lib/string.o
 *fill*         0x000000000804d02c       0x14 
 .bss           0x000000000804d040      0x806 /home/pratik/My_Files/Projects/OS_dev/BITS_OS/lib/idt.o
                0x000000000804d040                idt
                0x000000000804d840                idtp
 .bss           0x000000000804d846        0x2 /home/pratik/My_Files/Projects/OS_dev/BITS_OS/lib/exception.o
                0x000000000804d846                exception_nested
 *(COMMON)
                0x000000000804d848                . = ALIGN ((. != 0x0)?0x4:0x1)
 *(COMMON)
 *(.bss)
 *(.bootstrap_stack)
 .bootstrap_stack
                0x000000000804d848        0xa kernel_asm.o
                0x000000000804d854                . = ALIGN (0x4)
                0x000000000804d854                . = SEGMENT_START ("ldata-segment", .)
                0x000000000804d854                . = ALIGN (0x4)
                0x000000000804d854                _end = .
                0x000000000804d854                PROVIDE (end, .)
                0x000000000804d854                . = DATA_SEGMENT_END (.)

.stab           0x0000000000000000      0x258
 *(.stab)
 .stab          0x0000000000000000      0x210 proc_asm.o
 .stab          0x0000000000000210       0x48 kernel_asm.o
                                         0x54 (size before relaxing)

.stabstr        0x0000000000000000       0x19
 *(.stabstr)
 .stabstr       0x0000000000000000       0x19 proc_asm.o

.stab.excl
 *(.stab.excl)

.stab.exclstr
 *(.stab.exclstr)

.stab.index
 *(.stab.index)

.stab.indexstr
 *(.stab.indexstr)

.comment        0x0000000000000000       0x24
 *(.comment)
 .comment       0x0000000000000000       0x24 /home/pratik/My_Files/Projects/OS_dev/BITS_OS/lib/proc_c.o
                                         0x25 (size before relaxing)
 .comment       0x0000000000000000       0x25 kernel.o
 .comment       0x0000000000000000       0x25 /home/pratik/My_Files/Projects/OS_dev/BITS_OS/lib/io.o
 .comment       0x0000000000000000       0x25 /home/pratik/My_Files/Projects/OS_dev/BITS_OS/lib/string.o
 .comment       0x0000000000000000       0x25 /home/pratik/My_Files/Projects/OS_dev/BITS_OS/lib/idt.o
 .comment       0x0000000000000000       0x25 /home/pratik/My_Files/Projects/OS_dev/BITS_OS/lib/exception.o

.debug
 *(.debug)

.line
 *(.line)

.debug_srcinfo
 *(.debug_srcinfo)

.debug_sfnames
 *(.debug_sfnames)

.debug_aranges  0x0000000000000000       0xc0
 *(.debug_aranges)
 .debug_aranges
                0x0000000000000000       0x20 /home/pratik/My_Files/Projects/OS_dev/BITS_OS/lib/proc_c.o
 .debug_aranges
                0x0000000000000020       0x20 kernel.o
 .debug_aranges
                0x0000000000000040       0x20 /home/pratik/My_Files/Projects/OS_dev/BITS_OS/lib/io.o
 .debug_aranges
                0x0000000000000060       0x20 /home/pratik/My_Files/Projects/OS_dev/BITS_OS/lib/string.o
 .debug_aranges
                0x0000000000000080       0x20 /home/pratik/My_Files/Projects/OS_dev/BITS_OS/lib/idt.o
 .debug_aranges
                0x00000000000000a0       0x20 /home/pratik/My_Files/Projects/OS_dev/BITS_OS/lib/exception.o

.debug_pubnames
 *(.debug_pubnames)

.debug_info     0x0000000000000000      0x97a
 *(.debug_info .gnu.linkonce.wi.*)
 .debug_info    0x0000000000000000      0x182 /home/pratik/My_Files/Projects/OS_dev/BITS_OS/lib/proc_c.o
 .debug_info    0x0000000000000182       0x53 kernel.o
 .debug_info    0x00000000000001d5      0x383 /home/pratik/My_Files/Projects/OS_dev/BITS_OS/lib/io.o
 .debug_info    0x0000000000000558      0x1c3 /home/pratik/My_Files/Projects/OS_dev/BITS_OS/lib/string.o
 .debug_info    0x000000000000071b      0x15e /home/pratik/My_Files/Projects/OS_dev/BITS_OS/lib/idt.o
 .debug_info    0x0000000000000879      0x101 /home/pratik/My_Files/Projects/OS_dev/BITS_OS/lib/exception.o

.debug_abbrev   0x0000000000000000      0x418
 *(.debug_abbrev)
 .debug_abbrev  0x0000000000000000       0xa3 /home/pratik/My_Files/Projects/OS_dev/BITS_OS/lib/proc_c.o
 .debug_abbrev  0x00000000000000a3       0x40 kernel.o
 .debug_abbrev  0x00000000000000e3      0x110 /home/pratik/My_Files/Projects/OS_dev/BITS_OS/lib/io.o
 .debug_abbrev  0x00000000000001f3       0xb4 /home/pratik/My_Files/Projects/OS_dev/BITS_OS/lib/string.o
 .debug_abbrev  0x00000000000002a7       0xe6 /home/pratik/My_Files/Projects/OS_dev/BITS_OS/lib/idt.o
 .debug_abbrev  0x000000000000038d       0x8b /home/pratik/My_Files/Projects/OS_dev/BITS_OS/lib/exception.o

.debug_line     0x0000000000000000      0x472
 *(.debug_line .debug_line.* .debug_line_end)
 .debug_line    0x0000000000000000       0xc7 /home/pratik/My_Files/Projects/OS_dev/BITS_OS/lib/proc_c.o
 .debug_line    0x00000000000000c7       0x47 kernel.o
 .debug_line    0x000000000000010e      0x130 /home/pratik/My_Files/Projects/OS_dev/BITS_OS/lib/io.o
 .debug_line    0x000000000000023e       0xae /home/pratik/My_Files/Projects/OS_dev/BITS_OS/lib/string.o
 .debug_line    0x00000000000002ec       0xbc /home/pratik/My_Files/Projects/OS_dev/BITS_OS/lib/idt.o
 .debug_line    0x00000000000003a8       0xca /home/pratik/My_Files/Projects/OS_dev/BITS_OS/lib/exception.o

.debug_frame
 *(.debug_frame)

.debug_str      0x0000000000000000      0x477
 *(.debug_str)
 .debug_str     0x0000000000000000       0xd5 /home/pratik/My_Files/Projects/OS_dev/BITS_OS/lib/proc_c.o
                                         0xe2 (size before relaxing)
 .debug_str     0x00000000000000d5       0x64 kernel.o
                                         0xc1 (size before relaxing)
 .debug_str     0x0000000000000139      0x15d /home/pratik/My_Files/Projects/OS_dev/BITS_OS/lib/io.o
                                        0x1e0 (size before relaxing)
 .debug_str     0x0000000000000296       0xa4 /home/pratik/My_Files/Projects/OS_dev/BITS_OS/lib/string.o
                                        0x11e (size before relaxing)
 .debug_str     0x000000000000033a       0xd2 /home/pratik/My_Files/Projects/OS_dev/BITS_OS/lib/idt.o
                                        0x150 (size before relaxing)
 .debug_str     0x000000000000040c       0x6b /home/pratik/My_Files/Projects/OS_dev/BITS_OS/lib/exception.o
                                         0xca (size before relaxing)

.debug_loc
 *(.debug_loc)

.debug_macinfo
 *(.debug_macinfo)

.debug_weaknames
 *(.debug_weaknames)

.debug_funcnames
 *(.debug_funcnames)

.debug_typenames
 *(.debug_typenames)

.debug_varnames
 *(.debug_varnames)

.debug_pubtypes
 *(.debug_pubtypes)

.debug_ranges
 *(.debug_ranges)

.debug_macro
 *(.debug_macro)

.gnu.attributes
 *(.gnu.attributes)

/DISCARD/
 *(.note.GNU-stack)
 *(.gnu_debuglink)
 *(.gnu.lto_*)
OUTPUT(kernel elf32-i386)
