
Discarded input sections

 .note.GNU-stack
                0x0000000000000000        0x0 /home/pratik/My_Files/Projects/BITS_OS/lib/proc_c.o
 .note.GNU-stack
                0x0000000000000000        0x0 kernel.o
 .note.GNU-stack
                0x0000000000000000        0x0 /home/pratik/My_Files/Projects/BITS_OS/lib/io.o
 .note.GNU-stack
                0x0000000000000000        0x0 /home/pratik/My_Files/Projects/BITS_OS/lib/string.o
 .note.GNU-stack
                0x0000000000000000        0x0 /home/pratik/My_Files/Projects/BITS_OS/lib/idt.o
 .note.GNU-stack
                0x0000000000000000        0x0 /home/pratik/My_Files/Projects/BITS_OS/lib/exception.o

Memory Configuration

Name             Origin             Length             Attributes
*default*        0x0000000000000000 0xffffffffffffffff

Linker script and memory map

LOAD linker_script.ld
                0x0000000000100000                . = 0x100000
LOAD proc_asm.o
LOAD /home/pratik/My_Files/Projects/BITS_OS/lib/proc_c.o
LOAD kernel_asm.o
LOAD kernel.o
LOAD /home/pratik/My_Files/Projects/BITS_OS/lib/io.o
LOAD /home/pratik/My_Files/Projects/BITS_OS/lib/string.o
LOAD /home/pratik/My_Files/Projects/BITS_OS/lib/idt.o
LOAD /home/pratik/My_Files/Projects/BITS_OS/lib/exception.o
Address of section .text set to 0x7e00
                0x0000000008048000                PROVIDE (__executable_start, 0x8048000)
                0x0000000008048094                . = (0x8048000 + SIZEOF_HEADERS)

.interp
 *(.interp)

.note.gnu.build-id
 *(.note.gnu.build-id)

.hash
 *(.hash)

.gnu.hash
 *(.gnu.hash)

.dynsym
 *(.dynsym)

.dynstr
 *(.dynstr)

.gnu.version
 *(.gnu.version)

.gnu.version_d
 *(.gnu.version_d)

.gnu.version_r
 *(.gnu.version_r)

.rel.dyn        0x0000000008048094        0x0
 *(.rel.init)
 *(.rel.text .rel.text.* .rel.gnu.linkonce.t.*)
 .rel.text      0x0000000000000000        0x0 proc_asm.o
 *(.rel.fini)
 *(.rel.rodata .rel.rodata.* .rel.gnu.linkonce.r.*)
 *(.rel.data.rel.ro .rel.data.rel.ro.* .rel.gnu.linkonce.d.rel.ro.*)
 *(.rel.data .rel.data.* .rel.gnu.linkonce.d.*)
 *(.rel.tdata .rel.tdata.* .rel.gnu.linkonce.td.*)
 *(.rel.tbss .rel.tbss.* .rel.gnu.linkonce.tb.*)
 *(.rel.ctors)
 *(.rel.dtors)
 *(.rel.got)
 *(.rel.bss .rel.bss.* .rel.gnu.linkonce.b.*)
 *(.rel.ifunc)
 .rel.multiboot
                0x0000000000000000        0x0 proc_asm.o

.rel.plt        0x0000000008048094        0x0
 *(.rel.plt)
                0x0000000008048094                PROVIDE (__rel_iplt_start, .)
 *(.rel.iplt)
 .rel.iplt      0x0000000000000000        0x0 proc_asm.o
                0x0000000008048094                PROVIDE (__rel_iplt_end, .)

.init
 *(SORT(.init))

.plt            0x00000000080480a0        0x0
 *(.plt)
 *(.iplt)
 .iplt          0x0000000000000000        0x0 proc_asm.o

.text           0x0000000000008000      0xa14
 *(.text.unlikely .text.*_unlikely .text.unlikely.*)
 *(.text.exit .text.exit.*)
 *(.text.startup .text.startup.*)
 *(.text.hot .text.hot.*)
 *(.text .stub .text.* .gnu.linkonce.t.*)
 .text          0x0000000000008000       0x61 proc_asm.o
                0x0000000000008000                enable_protected_mode
                0x0000000000008009                get_breg
                0x0000000000008010                get_ax
                0x0000000000008019                get_eax
                0x0000000000008020                idt_load
                0x0000000000008028                enable_interrupts
                0x000000000000802a                disable_interrupts
                0x000000000000802c                isr0
                0x0000000000008036                isr8
                0x0000000000008040                get_ip
                0x000000000000804a                get_cs
                0x000000000000805a                check_if_protected_mode
 .text          0x0000000000008061       0xb8 /home/pratik/My_Files/Projects/BITS_OS/lib/proc_c.o
                0x0000000000008061                get_breg_a
                0x00000000000080a6                get_ax_a
                0x00000000000080c1                get_eax_a
                0x00000000000080d4                get_cs_a
                0x0000000000008106                get_ip_a
 *fill*         0x0000000000008119        0x7 
 .text          0x0000000000008120        0x0 kernel_asm.o
 .text          0x0000000000008120       0xa3 kernel.o
                0x0000000000008120                kernel_main
 .text          0x00000000000081c3      0x5ec /home/pratik/My_Files/Projects/BITS_OS/lib/io.o
                0x00000000000081c3                move_csr()
                0x000000000000823e                cls()
                0x00000000000082b4                scroll()
                0x000000000000835d                inportb(unsigned short)
                0x000000000000837a                outportb(unsigned short, unsigned char)
                0x0000000000008398                putch(unsigned char)
                0x00000000000084f7                init_video()
                0x000000000000850e                print(int)
                0x0000000000008589                print(unsigned int)
                0x00000000000085da                print(long)
                0x0000000000008655                print(float)
                0x00000000000086ca                print(double)
                0x000000000000876f                print(char const*)
 .text          0x00000000000087af       0xc6 /home/pratik/My_Files/Projects/BITS_OS/lib/string.o
                0x00000000000087af                memcpy(void*, void const*, unsigned int)
                0x00000000000087e9                memset(void*, char, unsigned int)
                0x000000000000881b                memsetw(unsigned short*, unsigned short, unsigned int)
                0x000000000000884f                strlen(char const*)
 .text          0x0000000000008875       0xf6 /home/pratik/My_Files/Projects/BITS_OS/lib/idt.o
                0x0000000000008875                idt_set_gate(unsigned char, unsigned long, unsigned short, unsigned char)
                0x00000000000088dc                idt_install()
 .text          0x000000000000896b       0x82 /home/pratik/My_Files/Projects/BITS_OS/lib/exception.o
                0x000000000000896b                divide_by_zero
                0x00000000000089a3                double_fault
 *(.gnu.warning)
 *(.multiboot)
 *fill*         0x00000000000089ed        0x3 
 .multiboot     0x00000000000089f0       0x24 kernel_asm.o
                0x0000000000008a08                _start
 *(.text)

.fini
 *(SORT(.fini))
                0x0000000000008a14                PROVIDE (__etext, .)
                0x0000000000008a14                PROVIDE (_etext, .)
                0x0000000000008a14                PROVIDE (etext, .)

.rodata         0x0000000000009000       0xcb
 *(.rodata .rodata.* .gnu.linkonce.r.*)
 .rodata        0x0000000000009000        0x2 /home/pratik/My_Files/Projects/BITS_OS/lib/proc_c.o
 .rodata        0x0000000000009002       0x74 kernel.o
 *fill*         0x0000000000009076        0x2 
 .rodata        0x0000000000009078       0x10 /home/pratik/My_Files/Projects/BITS_OS/lib/io.o
 .rodata        0x0000000000009088       0x43 /home/pratik/My_Files/Projects/BITS_OS/lib/exception.o
 *(.rodata)

.rodata1
 *(.rodata1)

.eh_frame_hdr
 *(.eh_frame_hdr)

.eh_frame       0x00000000000090cc      0x380
 *(.eh_frame)
 .eh_frame      0x00000000000090cc       0xb8 /home/pratik/My_Files/Projects/BITS_OS/lib/proc_c.o
 .eh_frame      0x0000000000009184       0x20 kernel.o
                                         0x38 (size before relaxing)
 .eh_frame      0x00000000000091a4      0x1a8 /home/pratik/My_Files/Projects/BITS_OS/lib/io.o
                                        0x1c0 (size before relaxing)
 .eh_frame      0x000000000000934c       0x80 /home/pratik/My_Files/Projects/BITS_OS/lib/string.o
                                         0x98 (size before relaxing)
 .eh_frame      0x00000000000093cc       0x40 /home/pratik/My_Files/Projects/BITS_OS/lib/idt.o
                                         0x58 (size before relaxing)
 .eh_frame      0x000000000000940c       0x40 /home/pratik/My_Files/Projects/BITS_OS/lib/exception.o
                                         0x58 (size before relaxing)

.gcc_except_table
 *(.gcc_except_table .gcc_except_table.*)

.exception_ranges
 *(.exception_ranges .exception_ranges*)
                0x000000000000944c                . = (ALIGN (0x1000) - ((0x1000 - .) & 0xfff))
                0x000000000000a44c                . = DATA_SEGMENT_ALIGN (0x1000, 0x1000)

.eh_frame
 *(.eh_frame)

.gcc_except_table
 *(.gcc_except_table .gcc_except_table.*)

.exception_ranges
 *(.exception_ranges .exception_ranges*)

.tdata
 *(.tdata .tdata.* .gnu.linkonce.td.*)

.tbss
 *(.tbss .tbss.* .gnu.linkonce.tb.*)
 *(.tcommon)

.preinit_array  0x000000000000a44c        0x0
                0x000000000000a44c                PROVIDE (__preinit_array_start, .)
 *(.preinit_array)
                0x000000000000a44c                PROVIDE (__preinit_array_end, .)

.init_array     0x000000000000a44c        0x0
                0x000000000000a44c                PROVIDE (__init_array_start, .)
 *(SORT(.init_array.*) SORT(.ctors.*))
 *(.init_array EXCLUDE_FILE(*crtend?.o *crtend.o *crtbegin?.o *crtbegin.o) .ctors)
                0x000000000000a44c                PROVIDE (__init_array_end, .)

.fini_array     0x000000000000a44c        0x0
                0x000000000000a44c                PROVIDE (__fini_array_start, .)
 *(SORT(.fini_array.*) SORT(.dtors.*))
 *(.fini_array EXCLUDE_FILE(*crtend?.o *crtend.o *crtbegin?.o *crtbegin.o) .dtors)
                0x000000000000a44c                PROVIDE (__fini_array_end, .)

.ctors
 *crtbegin.o(.ctors)
 *crtbegin?.o(.ctors)
 *(EXCLUDE_FILE(*crtend?.o *crtend.o) .ctors)
 *(SORT(.ctors.*))
 *(.ctors)

.dtors
 *crtbegin.o(.dtors)
 *crtbegin?.o(.dtors)
 *(EXCLUDE_FILE(*crtend?.o *crtend.o) .dtors)
 *(SORT(.dtors.*))
 *(.dtors)

.jcr
 *(.jcr)

.data.rel.ro
 *(.data.rel.ro.local* .gnu.linkonce.d.rel.ro.local.*)
 *(.data.rel.ro .data.rel.ro.* .gnu.linkonce.d.rel.ro.*)

.dynamic
 *(.dynamic)

.got
 *(.got)
 *(.igot)
                0x000000000000a44c                . = DATA_SEGMENT_RELRO_END (., (SIZEOF (.got.plt) >= 0xc)?0xc:0x0)

.got.plt        0x000000000000a44c        0x0
 *(.got.plt)
 *(.igot.plt)
 .igot.plt      0x0000000000000000        0x0 proc_asm.o

.data           0x000000000000b000        0x4
 *(.data .data.* .gnu.linkonce.d.*)
 .data          0x000000000000b000        0x0 /home/pratik/My_Files/Projects/BITS_OS/lib/proc_c.o
 .data          0x000000000000b000        0x0 kernel.o
 .data          0x000000000000b000        0x4 /home/pratik/My_Files/Projects/BITS_OS/lib/io.o
                0x000000000000b000                attrib
 .data          0x000000000000b004        0x0 /home/pratik/My_Files/Projects/BITS_OS/lib/string.o
 .data          0x000000000000b004        0x0 /home/pratik/My_Files/Projects/BITS_OS/lib/idt.o
 .data          0x000000000000b004        0x0 /home/pratik/My_Files/Projects/BITS_OS/lib/exception.o
 *(.data)

.data1
 *(.data1)
                0x000000000000b004                _edata = .
                0x000000000000b004                PROVIDE (edata, .)
                0x000000000000b004                . = .
                0x000000000000b004                __bss_start = .

.bss            0x000000000000c000      0x848
 *(.dynbss)
 *(.bss .bss.* .gnu.linkonce.b.*)
 .bss           0x000000000000c000       0x20 /home/pratik/My_Files/Projects/BITS_OS/lib/proc_c.o
                0x000000000000c000                reg_val
 .bss           0x000000000000c020        0x0 kernel.o
 .bss           0x000000000000c020        0xc /home/pratik/My_Files/Projects/BITS_OS/lib/io.o
                0x000000000000c020                textmemptr
                0x000000000000c024                csr_x
                0x000000000000c028                csr_y
 .bss           0x000000000000c02c        0x0 /home/pratik/My_Files/Projects/BITS_OS/lib/string.o
 *fill*         0x000000000000c02c       0x14 
 .bss           0x000000000000c040      0x806 /home/pratik/My_Files/Projects/BITS_OS/lib/idt.o
                0x000000000000c040                idt
                0x000000000000c840                idtp
 .bss           0x000000000000c846        0x2 /home/pratik/My_Files/Projects/BITS_OS/lib/exception.o
                0x000000000000c846                exception_nested
 *(COMMON)
                0x000000000000c848                . = ALIGN ((. != 0x0)?0x4:0x1)
 *(COMMON)
 *(.bss)
 *(.bootstrap_stack)
                0x000000000000c848                . = ALIGN (0x4)
                0x000000000000c848                . = SEGMENT_START ("ldata-segment", .)
                0x000000000000c848                . = ALIGN (0x4)
                0x000000000000c848                _end = .
                0x000000000000c848                PROVIDE (end, .)
                0x000000000000c848                . = DATA_SEGMENT_END (.)

.stab           0x0000000000000000      0x240
 *(.stab)
 .stab          0x0000000000000000      0x234 proc_asm.o
 .stab          0x0000000000000234        0xc kernel_asm.o

.stabstr        0x0000000000000000        0xf
 *(.stabstr)
 .stabstr       0x0000000000000000        0xf proc_asm.o

.stab.excl
 *(.stab.excl)

.stab.exclstr
 *(.stab.exclstr)

.stab.index
 *(.stab.index)

.stab.indexstr
 *(.stab.indexstr)

.comment        0x0000000000000000       0x24
 *(.comment)
 .comment       0x0000000000000000       0x24 /home/pratik/My_Files/Projects/BITS_OS/lib/proc_c.o
                                         0x25 (size before relaxing)
 .comment       0x0000000000000000       0x25 kernel.o
 .comment       0x0000000000000000       0x25 /home/pratik/My_Files/Projects/BITS_OS/lib/io.o
 .comment       0x0000000000000000       0x25 /home/pratik/My_Files/Projects/BITS_OS/lib/string.o
 .comment       0x0000000000000000       0x25 /home/pratik/My_Files/Projects/BITS_OS/lib/idt.o
 .comment       0x0000000000000000       0x25 /home/pratik/My_Files/Projects/BITS_OS/lib/exception.o

.debug
 *(.debug)

.line
 *(.line)

.debug_srcinfo
 *(.debug_srcinfo)

.debug_sfnames
 *(.debug_sfnames)

.debug_aranges  0x0000000000000000       0xc0
 *(.debug_aranges)
 .debug_aranges
                0x0000000000000000       0x20 /home/pratik/My_Files/Projects/BITS_OS/lib/proc_c.o
 .debug_aranges
                0x0000000000000020       0x20 kernel.o
 .debug_aranges
                0x0000000000000040       0x20 /home/pratik/My_Files/Projects/BITS_OS/lib/io.o
 .debug_aranges
                0x0000000000000060       0x20 /home/pratik/My_Files/Projects/BITS_OS/lib/string.o
 .debug_aranges
                0x0000000000000080       0x20 /home/pratik/My_Files/Projects/BITS_OS/lib/idt.o
 .debug_aranges
                0x00000000000000a0       0x20 /home/pratik/My_Files/Projects/BITS_OS/lib/exception.o

.debug_pubnames
 *(.debug_pubnames)

.debug_info     0x0000000000000000      0x97a
 *(.debug_info .gnu.linkonce.wi.*)
 .debug_info    0x0000000000000000      0x182 /home/pratik/My_Files/Projects/BITS_OS/lib/proc_c.o
 .debug_info    0x0000000000000182       0x53 kernel.o
 .debug_info    0x00000000000001d5      0x383 /home/pratik/My_Files/Projects/BITS_OS/lib/io.o
 .debug_info    0x0000000000000558      0x1c3 /home/pratik/My_Files/Projects/BITS_OS/lib/string.o
 .debug_info    0x000000000000071b      0x15e /home/pratik/My_Files/Projects/BITS_OS/lib/idt.o
 .debug_info    0x0000000000000879      0x101 /home/pratik/My_Files/Projects/BITS_OS/lib/exception.o

.debug_abbrev   0x0000000000000000      0x418
 *(.debug_abbrev)
 .debug_abbrev  0x0000000000000000       0xa3 /home/pratik/My_Files/Projects/BITS_OS/lib/proc_c.o
 .debug_abbrev  0x00000000000000a3       0x40 kernel.o
 .debug_abbrev  0x00000000000000e3      0x110 /home/pratik/My_Files/Projects/BITS_OS/lib/io.o
 .debug_abbrev  0x00000000000001f3       0xb4 /home/pratik/My_Files/Projects/BITS_OS/lib/string.o
 .debug_abbrev  0x00000000000002a7       0xe6 /home/pratik/My_Files/Projects/BITS_OS/lib/idt.o
 .debug_abbrev  0x000000000000038d       0x8b /home/pratik/My_Files/Projects/BITS_OS/lib/exception.o

.debug_line     0x0000000000000000      0x43d
 *(.debug_line .debug_line.* .debug_line_end)
 .debug_line    0x0000000000000000       0xb9 /home/pratik/My_Files/Projects/BITS_OS/lib/proc_c.o
 .debug_line    0x00000000000000b9       0x4a kernel.o
 .debug_line    0x0000000000000103      0x129 /home/pratik/My_Files/Projects/BITS_OS/lib/io.o
 .debug_line    0x000000000000022c       0xa7 /home/pratik/My_Files/Projects/BITS_OS/lib/string.o
 .debug_line    0x00000000000002d3       0xae /home/pratik/My_Files/Projects/BITS_OS/lib/idt.o
 .debug_line    0x0000000000000381       0xbc /home/pratik/My_Files/Projects/BITS_OS/lib/exception.o

.debug_frame
 *(.debug_frame)

.debug_str      0x0000000000000000      0x44d
 *(.debug_str)
 .debug_str     0x0000000000000000       0xce /home/pratik/My_Files/Projects/BITS_OS/lib/proc_c.o
                                         0xdb (size before relaxing)
 .debug_str     0x00000000000000ce       0x5d kernel.o
                                         0xba (size before relaxing)
 .debug_str     0x000000000000012b      0x156 /home/pratik/My_Files/Projects/BITS_OS/lib/io.o
                                        0x1d9 (size before relaxing)
 .debug_str     0x0000000000000281       0x9d /home/pratik/My_Files/Projects/BITS_OS/lib/string.o
                                        0x117 (size before relaxing)
 .debug_str     0x000000000000031e       0xcb /home/pratik/My_Files/Projects/BITS_OS/lib/idt.o
                                        0x149 (size before relaxing)
 .debug_str     0x00000000000003e9       0x64 /home/pratik/My_Files/Projects/BITS_OS/lib/exception.o
                                         0xc3 (size before relaxing)

.debug_loc
 *(.debug_loc)

.debug_macinfo
 *(.debug_macinfo)

.debug_weaknames
 *(.debug_weaknames)

.debug_funcnames
 *(.debug_funcnames)

.debug_typenames
 *(.debug_typenames)

.debug_varnames
 *(.debug_varnames)

.debug_pubtypes
 *(.debug_pubtypes)

.debug_ranges
 *(.debug_ranges)

.debug_macro
 *(.debug_macro)

.gnu.attributes
 *(.gnu.attributes)

/DISCARD/
 *(.note.GNU-stack)
 *(.gnu_debuglink)
 *(.gnu.lto_*)
OUTPUT(kernel.bin elf32-i386)
