
Discarded input sections

 .note.GNU-stack
                0x0000000000000000        0x0 kernel.o
 .note.GNU-stack
                0x0000000000000000        0x0 /home/pratik/My_Files/Projects/BITS_OS/lib/string.o
 .note.GNU-stack
                0x0000000000000000        0x0 /home/pratik/My_Files/Projects/BITS_OS/lib/io.o

Memory Configuration

Name             Origin             Length             Attributes
*default*        0x0000000000000000 0xffffffffffffffff

Linker script and memory map

LOAD linker_script.ld
                0x0000000000100000                . = 0x100000
LOAD kernel_asm.o
LOAD kernel.o
LOAD /home/pratik/My_Files/Projects/BITS_OS/lib/string.o
LOAD /home/pratik/My_Files/Projects/BITS_OS/lib/io.o
Address of section .text set to 0x7e00
                0x0000000008048000                PROVIDE (__executable_start, 0x8048000)
                0x0000000008048094                . = (0x8048000 + SIZEOF_HEADERS)

.interp
 *(.interp)

.note.gnu.build-id
 *(.note.gnu.build-id)

.hash
 *(.hash)

.gnu.hash
 *(.gnu.hash)

.dynsym
 *(.dynsym)

.dynstr
 *(.dynstr)

.gnu.version
 *(.gnu.version)

.gnu.version_d
 *(.gnu.version_d)

.gnu.version_r
 *(.gnu.version_r)

.rel.dyn        0x0000000008048094        0x0
 *(.rel.init)
 *(.rel.text .rel.text.* .rel.gnu.linkonce.t.*)
 .rel.text      0x0000000000000000        0x0 kernel_asm.o
 *(.rel.fini)
 *(.rel.rodata .rel.rodata.* .rel.gnu.linkonce.r.*)
 *(.rel.data.rel.ro .rel.data.rel.ro.* .rel.gnu.linkonce.d.rel.ro.*)
 *(.rel.data .rel.data.* .rel.gnu.linkonce.d.*)
 *(.rel.tdata .rel.tdata.* .rel.gnu.linkonce.td.*)
 *(.rel.tbss .rel.tbss.* .rel.gnu.linkonce.tb.*)
 *(.rel.ctors)
 *(.rel.dtors)
 *(.rel.got)
 *(.rel.bss .rel.bss.* .rel.gnu.linkonce.b.*)
 *(.rel.ifunc)
 .rel.multiboot
                0x0000000000000000        0x0 kernel_asm.o

.rel.plt        0x0000000008048094        0x0
 *(.rel.plt)
                0x0000000008048094                PROVIDE (__rel_iplt_start, .)
 *(.rel.iplt)
 .rel.iplt      0x0000000000000000        0x0 kernel_asm.o
                0x0000000008048094                PROVIDE (__rel_iplt_end, .)

.init
 *(SORT(.init))

.plt            0x00000000080480a0        0x0
 *(.plt)
 *(.iplt)
 .iplt          0x0000000000000000        0x0 kernel_asm.o

.text           0x0000000000008000      0x6fc
 *(.text.unlikely .text.*_unlikely .text.unlikely.*)
 *(.text.exit .text.exit.*)
 *(.text.startup .text.startup.*)
 *(.text.hot .text.hot.*)
 *(.text .stub .text.* .gnu.linkonce.t.*)
 .text          0x0000000000008000        0x0 kernel_asm.o
 .text          0x0000000000008000       0x25 kernel.o
                0x0000000000008000                kernel_main
 .text          0x0000000000008025       0xc6 /home/pratik/My_Files/Projects/BITS_OS/lib/string.o
                0x0000000000008025                memcpy(void*, void const*, unsigned int)
                0x000000000000805f                memset(void*, char, unsigned int)
                0x0000000000008091                memsetw(unsigned short*, unsigned short, unsigned int)
                0x00000000000080c5                strlen(char const*)
 .text          0x00000000000080eb      0x5ec /home/pratik/My_Files/Projects/BITS_OS/lib/io.o
                0x00000000000080eb                move_csr()
                0x0000000000008166                cls()
                0x00000000000081dc                scroll()
                0x0000000000008285                inportb(unsigned short)
                0x00000000000082a2                outportb(unsigned short, unsigned char)
                0x00000000000082c0                putch(unsigned char)
                0x000000000000841f                init_video()
                0x0000000000008436                print(int)
                0x00000000000084b1                print(unsigned int)
                0x0000000000008502                print(long)
                0x000000000000857d                print(float)
                0x00000000000085f2                print(double)
                0x0000000000008697                print(char const*)
 *(.gnu.warning)
 *(.multiboot)
 *fill*         0x00000000000086d7        0x1 
 .multiboot     0x00000000000086d8       0x24 kernel_asm.o
                0x00000000000086f0                _start
 *(.text)

.fini
 *(SORT(.fini))
                0x00000000000086fc                PROVIDE (__etext, .)
                0x00000000000086fc                PROVIDE (_etext, .)
                0x00000000000086fc                PROVIDE (etext, .)

.rodata         0x0000000000009000       0x38
 *(.rodata .rodata.* .gnu.linkonce.r.*)
 .rodata        0x0000000000009000       0x23 kernel.o
 *fill*         0x0000000000009023        0x5 
 .rodata        0x0000000000009028       0x10 /home/pratik/My_Files/Projects/BITS_OS/lib/io.o
 *(.rodata)

.rodata1
 *(.rodata1)

.eh_frame_hdr
 *(.eh_frame_hdr)

.eh_frame       0x0000000000009038      0x260
 *(.eh_frame)
 .eh_frame      0x0000000000009038       0x38 kernel.o
 .eh_frame      0x0000000000009070       0x80 /home/pratik/My_Files/Projects/BITS_OS/lib/string.o
                                         0x98 (size before relaxing)
 .eh_frame      0x00000000000090f0      0x1a8 /home/pratik/My_Files/Projects/BITS_OS/lib/io.o
                                        0x1c0 (size before relaxing)

.gcc_except_table
 *(.gcc_except_table .gcc_except_table.*)

.exception_ranges
 *(.exception_ranges .exception_ranges*)
                0x0000000000009298                . = (ALIGN (0x1000) - ((0x1000 - .) & 0xfff))
                0x000000000000a000                . = DATA_SEGMENT_ALIGN (0x1000, 0x1000)

.eh_frame
 *(.eh_frame)

.gcc_except_table
 *(.gcc_except_table .gcc_except_table.*)

.exception_ranges
 *(.exception_ranges .exception_ranges*)

.tdata
 *(.tdata .tdata.* .gnu.linkonce.td.*)

.tbss
 *(.tbss .tbss.* .gnu.linkonce.tb.*)
 *(.tcommon)

.preinit_array  0x000000000000a000        0x0
                0x000000000000a000                PROVIDE (__preinit_array_start, .)
 *(.preinit_array)
                0x000000000000a000                PROVIDE (__preinit_array_end, .)

.init_array     0x000000000000a000        0x0
                0x000000000000a000                PROVIDE (__init_array_start, .)
 *(SORT(.init_array.*) SORT(.ctors.*))
 *(.init_array EXCLUDE_FILE(*crtend?.o *crtend.o *crtbegin?.o *crtbegin.o) .ctors)
                0x000000000000a000                PROVIDE (__init_array_end, .)

.fini_array     0x000000000000a000        0x0
                0x000000000000a000                PROVIDE (__fini_array_start, .)
 *(SORT(.fini_array.*) SORT(.dtors.*))
 *(.fini_array EXCLUDE_FILE(*crtend?.o *crtend.o *crtbegin?.o *crtbegin.o) .dtors)
                0x000000000000a000                PROVIDE (__fini_array_end, .)

.ctors
 *crtbegin.o(.ctors)
 *crtbegin?.o(.ctors)
 *(EXCLUDE_FILE(*crtend?.o *crtend.o) .ctors)
 *(SORT(.ctors.*))
 *(.ctors)

.dtors
 *crtbegin.o(.dtors)
 *crtbegin?.o(.dtors)
 *(EXCLUDE_FILE(*crtend?.o *crtend.o) .dtors)
 *(SORT(.dtors.*))
 *(.dtors)

.jcr
 *(.jcr)

.data.rel.ro
 *(.data.rel.ro.local* .gnu.linkonce.d.rel.ro.local.*)
 *(.data.rel.ro .data.rel.ro.* .gnu.linkonce.d.rel.ro.*)

.dynamic
 *(.dynamic)

.got
 *(.got)
 *(.igot)
                0x000000000000a000                . = DATA_SEGMENT_RELRO_END (., (SIZEOF (.got.plt) >= 0xc)?0xc:0x0)

.got.plt        0x000000000000a000        0x0
 *(.got.plt)
 *(.igot.plt)
 .igot.plt      0x0000000000000000        0x0 kernel_asm.o

.data           0x000000000000a000        0x4
 *(.data .data.* .gnu.linkonce.d.*)
 .data          0x000000000000a000        0x0 kernel.o
 .data          0x000000000000a000        0x0 /home/pratik/My_Files/Projects/BITS_OS/lib/string.o
 .data          0x000000000000a000        0x4 /home/pratik/My_Files/Projects/BITS_OS/lib/io.o
                0x000000000000a000                attrib
 *(.data)

.data1
 *(.data1)
                0x000000000000a004                _edata = .
                0x000000000000a004                PROVIDE (edata, .)
                0x000000000000a004                . = .
                0x000000000000a004                __bss_start = .

.bss            0x000000000000b000        0xc
 *(.dynbss)
 *(.bss .bss.* .gnu.linkonce.b.*)
 .bss           0x000000000000b000        0x0 kernel.o
 .bss           0x000000000000b000        0x0 /home/pratik/My_Files/Projects/BITS_OS/lib/string.o
 .bss           0x000000000000b000        0xc /home/pratik/My_Files/Projects/BITS_OS/lib/io.o
                0x000000000000b000                textmemptr
                0x000000000000b004                csr_x
                0x000000000000b008                csr_y
 *(COMMON)
                0x000000000000b00c                . = ALIGN ((. != 0x0)?0x4:0x1)
 *(COMMON)
 *(.bss)
 *(.bootstrap_stack)
                0x000000000000b00c                . = ALIGN (0x4)
                0x000000000000b00c                . = SEGMENT_START ("ldata-segment", .)
                0x000000000000b00c                . = ALIGN (0x4)
                0x000000000000b00c                _end = .
                0x000000000000b00c                PROVIDE (end, .)
                0x000000000000b00c                . = DATA_SEGMENT_END (.)

.stab           0x0000000000000000        0xc
 *(.stab)
 .stab          0x0000000000000000        0xc kernel_asm.o

.stabstr        0x0000000000000000        0x1
 *(.stabstr)
 .stabstr       0x0000000000000000        0x1 kernel_asm.o

.stab.excl
 *(.stab.excl)

.stab.exclstr
 *(.stab.exclstr)

.stab.index
 *(.stab.index)

.stab.indexstr
 *(.stab.indexstr)

.comment        0x0000000000000000       0x24
 *(.comment)
 .comment       0x0000000000000000       0x24 kernel.o
                                         0x25 (size before relaxing)
 .comment       0x0000000000000000       0x25 /home/pratik/My_Files/Projects/BITS_OS/lib/string.o
 .comment       0x0000000000000000       0x25 /home/pratik/My_Files/Projects/BITS_OS/lib/io.o

.debug
 *(.debug)

.line
 *(.line)

.debug_srcinfo
 *(.debug_srcinfo)

.debug_sfnames
 *(.debug_sfnames)

.debug_aranges  0x0000000000000000       0x60
 *(.debug_aranges)
 .debug_aranges
                0x0000000000000000       0x20 kernel.o
 .debug_aranges
                0x0000000000000020       0x20 /home/pratik/My_Files/Projects/BITS_OS/lib/string.o
 .debug_aranges
                0x0000000000000040       0x20 /home/pratik/My_Files/Projects/BITS_OS/lib/io.o

.debug_pubnames
 *(.debug_pubnames)

.debug_info     0x0000000000000000      0x57d
 *(.debug_info .gnu.linkonce.wi.*)
 .debug_info    0x0000000000000000       0x37 kernel.o
 .debug_info    0x0000000000000037      0x1c3 /home/pratik/My_Files/Projects/BITS_OS/lib/string.o
 .debug_info    0x00000000000001fa      0x383 /home/pratik/My_Files/Projects/BITS_OS/lib/io.o

.debug_abbrev   0x0000000000000000      0x1ee
 *(.debug_abbrev)
 .debug_abbrev  0x0000000000000000       0x2a kernel.o
 .debug_abbrev  0x000000000000002a       0xb4 /home/pratik/My_Files/Projects/BITS_OS/lib/string.o
 .debug_abbrev  0x00000000000000de      0x110 /home/pratik/My_Files/Projects/BITS_OS/lib/io.o

.debug_line     0x0000000000000000      0x20a
 *(.debug_line .debug_line.* .debug_line_end)
 .debug_line    0x0000000000000000       0x3a kernel.o
 .debug_line    0x000000000000003a       0xa7 /home/pratik/My_Files/Projects/BITS_OS/lib/string.o
 .debug_line    0x00000000000000e1      0x129 /home/pratik/My_Files/Projects/BITS_OS/lib/io.o

.debug_frame
 *(.debug_frame)

.debug_str      0x0000000000000000      0x2a0
 *(.debug_str)
 .debug_str     0x0000000000000000       0x8c kernel.o
 .debug_str     0x000000000000008c       0xb5 /home/pratik/My_Files/Projects/BITS_OS/lib/string.o
                                        0x117 (size before relaxing)
 .debug_str     0x0000000000000141      0x15f /home/pratik/My_Files/Projects/BITS_OS/lib/io.o
                                        0x1d9 (size before relaxing)

.debug_loc
 *(.debug_loc)

.debug_macinfo
 *(.debug_macinfo)

.debug_weaknames
 *(.debug_weaknames)

.debug_funcnames
 *(.debug_funcnames)

.debug_typenames
 *(.debug_typenames)

.debug_varnames
 *(.debug_varnames)

.debug_pubtypes
 *(.debug_pubtypes)

.debug_ranges
 *(.debug_ranges)

.debug_macro
 *(.debug_macro)

.gnu.attributes
 *(.gnu.attributes)

/DISCARD/
 *(.note.GNU-stack)
 *(.gnu_debuglink)
 *(.gnu.lto_*)
OUTPUT(kernel.bin elf32-i386)
